src/app/events/[slug]/page.tsx(50,5): error TS2322: Type 'string | undefined' is not assignable to type 'string'.
  Type 'undefined' is not assignable to type 'string'.
src/lib/google-sheets.ts(1,24): error TS2307: Cannot find module 'googleapis' or its corresponding type declarations.
src/lib/telecrm.ts(1,19): error TS2307: Cannot find module 'axios' or its corresponding type declarations.
